============================= test session starts =============================
platform win32 -- Python 3.11.0, pytest-9.0.2, pluggy-1.6.0
rootdir: A:\Coding\MLOps
plugins: anyio-4.12.0, hydra-core-1.3.2
collected 22 items

tests\test_data.py .F......                                              [ 36%]
tests\test_features.py .........                                         [ 77%]
tests\test_model.py sssss                                                [100%]

================================== FAILURES ===================================
E   AssertionError: Dropout rate 43.60% outside acceptable range (5-40%)
    assert 0.436 < 0.4
A:\Coding\MLOps\tests\test_data.py:39: AssertionError: Dropout rate 43.60% outside acceptable range (5-40%)
============================== warnings summary ===============================
C:\Users\jayas\AppData\Local\Programs\Python\Python311\Lib\site-packages\pydantic\_internal\_fields.py:149
  C:\Users\jayas\AppData\Local\Programs\Python\Python311\Lib\site-packages\pydantic\_internal\_fields.py:149: UserWarning: Field "model_name" has conflict with protected namespace "model_".
  
  You may be able to resolve this warning by setting `model_config['protected_namespaces'] = ()`.
    warnings.warn(

-- Docs: https://docs.pytest.org/en/stable/how-to/capture-warnings.html
=========================== short test summary info ===========================
FAILED tests/test_data.py::TestDataQuality::test_target_distribution - Assert...
============= 1 failed, 16 passed, 5 skipped, 1 warning in 5.63s ==============
